\BOOKMARK [1][-]{section.1}{\376\377\000I\000n\000t\000r\000o\000d\000u\000c\000t\000i\000o\000n\000\040\000a\000n\000d\000\040\000P\000r\000o\000b\000l\000e\000m\000\040\000F\000r\000a\000m\000i\000n\000g}{}% 1
\BOOKMARK [1][-]{section.2}{\376\377\000F\000e\000a\000t\000u\000r\000e\000\040\000E\000n\000g\000i\000n\000e\000e\000r\000i\000n\000g\000\040\000a\000n\000d\000\040\000B\000e\000h\000a\000v\000i\000o\000r\000a\000l\000\040\000M\000o\000d\000e\000l\000i\000n\000g}{}% 2
\BOOKMARK [2][-]{subsection.2.1}{\376\377\000C\000l\000i\000c\000k\000-\000H\000i\000s\000t\000o\000r\000y\000\040\000R\000e\000c\000e\000n\000c\000y\000\040\000D\000e\000c\000a\000y}{section.2}% 3
\BOOKMARK [2][-]{subsection.2.2}{\376\377\000P\000o\000s\000i\000t\000i\000o\000n\000\040\000B\000i\000a\000s\000\040\000C\000o\000r\000r\000e\000c\000t\000i\000o\000n}{section.2}% 4
\BOOKMARK [2][-]{subsection.2.3}{\376\377\000A\000r\000t\000i\000c\000l\000e\000\040\000F\000r\000e\000s\000h\000n\000e\000s\000s\000\040\000a\000n\000d\000\040\000A\000n\000t\000i\000-\000L\000e\000a\000k\000a\000g\000e\000\040\000B\000u\000f\000f\000e\000r\000i\000n\000g}{section.2}% 5
\BOOKMARK [2][-]{subsection.2.4}{\376\377\000S\000e\000s\000s\000i\000o\000n\000\040\000a\000n\000d\000\040\000D\000w\000e\000l\000l\000-\000T\000i\000m\000e\000\040\000M\000i\000c\000r\000o\000-\000D\000y\000n\000a\000m\000i\000c\000s}{section.2}% 6
\BOOKMARK [2][-]{subsection.2.5}{\376\377\000L\000a\000p\000l\000a\000c\000e\000-\000S\000m\000o\000o\000t\000h\000e\000d\000\040\000P\000o\000p\000u\000l\000a\000r\000i\000t\000y\000\040\000P\000r\000i\000o\000r\000s}{section.2}% 7
\BOOKMARK [1][-]{section.3}{\376\377\000E\000m\000p\000i\000r\000i\000c\000a\000l\000\040\000R\000e\000s\000u\000l\000t\000s\000:\000\040\000B\000a\000s\000e\000l\000i\000n\000e\000\040\000R\000e\000p\000r\000o\000d\000u\000c\000t\000i\000o\000n\000\040\000v\000s\000.\000\040\000P\000r\000i\000n\000c\000i\000p\000l\000e\000d\000\040\000I\000m\000p\000r\000o\000v\000e\000m\000e\000n\000t}{}% 8
\BOOKMARK [1][-]{section.4}{\376\377\000S\000y\000s\000t\000e\000m\000a\000t\000i\000c\000\040\000A\000b\000l\000a\000t\000i\000o\000n\000\040\000S\000t\000u\000d\000y\000\040\000a\000n\000d\000\040\000S\000i\000g\000n\000a\000l\000\040\000H\000i\000e\000r\000a\000r\000c\000h\000y}{}% 9
\BOOKMARK [1][-]{section.5}{\376\377\000S\000t\000a\000t\000i\000s\000t\000i\000c\000a\000l\000\040\000S\000i\000g\000n\000i\000f\000i\000c\000a\000n\000c\000e\000\040\000a\000n\000d\000\040\000P\000a\000i\000r\000e\000d\000\040\000B\000o\000o\000t\000s\000t\000r\000a\000p\000\040\000A\000n\000a\000l\000y\000s\000i\000s}{}% 10
\BOOKMARK [1][-]{section.6}{\376\377\000S\000e\000r\000v\000i\000n\000g\000\040\000C\000h\000a\000r\000a\000c\000t\000e\000r\000i\000s\000t\000i\000c\000s\000,\000\040\000L\000a\000t\000e\000n\000c\000y\000,\000\040\000a\000n\000d\000\040\000C\000o\000s\000t\000\040\000M\000o\000d\000e\000l\000i\000n\000g}{}% 11
\BOOKMARK [2][-]{subsection.6.1}{\376\377\000I\000n\000d\000e\000x\000\040\000a\000n\000d\000\040\000F\000e\000a\000t\000u\000r\000e\000\040\000S\000t\000o\000r\000e\000\040\000M\000e\000m\000o\000r\000y\000\040\000F\000o\000o\000t\000p\000r\000i\000n\000t}{section.6}% 12
\BOOKMARK [2][-]{subsection.6.2}{\376\377\000L\000a\000t\000e\000n\000c\000y\000\040\000P\000r\000o\000f\000i\000l\000i\000n\000g\000\040\000a\000c\000r\000o\000s\000s\000\040\000C\000a\000n\000d\000i\000d\000a\000t\000e\000\040\000P\000o\000o\000l\000\040\000S\000i\000z\000e\000s}{section.6}% 13
\BOOKMARK [2][-]{subsection.6.3}{\376\377\000T\000h\000r\000o\000u\000g\000h\000p\000u\000t\000\040\000a\000n\000d\000\040\000S\000e\000r\000v\000i\000n\000g\000\040\000E\000c\000o\000n\000o\000m\000i\000c\000s\000\040\000\050\000A\000W\000S\000\040\000c\0006\000i\000.\0002\000x\000l\000a\000r\000g\000e\000\051}{section.6}% 14
\BOOKMARK [1][-]{section.7}{\376\377\000S\000c\000a\000l\000i\000n\000g\000\040\000A\000r\000g\000u\000m\000e\000n\000t\000:\000\040\000W\000h\000a\000t\000\040\000B\000r\000e\000a\000k\000s\000\040\000F\000i\000r\000s\000t\000\040\000a\000t\000\040\0001\0000\000x\000\040\000S\000c\000a\000l\000e\000\040\000a\000n\000d\000\040\000R\000e\000m\000e\000d\000i\000a\000t\000i\000o\000n}{}% 15
\BOOKMARK [2][-]{subsection.7.1}{\376\377\000T\000h\000e\000\040\000P\000r\000i\000m\000a\000r\000y\000\040\000F\000a\000i\000l\000u\000r\000e\000\040\000P\000o\000i\000n\000t\000:\000\040\000I\000n\000-\000P\000r\000o\000c\000e\000s\000s\000\040\000D\000u\000c\000k\000D\000B\000\040\000F\000i\000l\000e\000\040\000L\000o\000c\000k\000i\000n\000g\000\040\000a\000n\000d\000\040\000D\000i\000s\000k\000\040\000I\000/\000O}{section.7}% 16
\BOOKMARK [2][-]{subsection.7.2}{\376\377\000P\000r\000o\000d\000u\000c\000t\000i\000o\000n\000\040\000R\000e\000m\000e\000d\000i\000a\000t\000i\000o\000n\000\040\000R\000o\000a\000d\000m\000a\000p}{section.7}% 17
\BOOKMARK [1][-]{section.8}{\376\377\000E\000x\000t\000e\000n\000d\000e\000d\000\040\000E\000v\000a\000l\000u\000a\000t\000i\000o\000n\000,\000\040\000S\000l\000i\000c\000i\000n\000g\000,\000\040\000a\000n\000d\000\040\000B\000e\000y\000o\000n\000d\000-\000A\000c\000c\000u\000r\000a\000c\000y\000\040\000D\000y\000n\000a\000m\000i\000c\000s}{}% 18
\BOOKMARK [2][-]{subsection.8.1}{\376\377\000F\000u\000l\000l\000\040\000M\000e\000t\000r\000i\000c\000\040\000S\000u\000i\000t\000e\000\040\000w\000i\000t\000h\000\040\000B\000o\000o\000t\000s\000t\000r\000a\000p\000\040\0009\0005\000\045\000\040\000C\000I\000s}{section.8}% 19
\BOOKMARK [2][-]{subsection.8.2}{\376\377\000S\000l\000i\000c\000i\000n\000g\000\040\000A\000n\000a\000l\000y\000s\000i\000s\000:\000\040\000C\000o\000l\000d\000\040\000v\000s\000.\000\040\000W\000a\000r\000m\000\040\000U\000s\000e\000r\000s\000\040\000a\000n\000d\000\040\000H\000e\000a\000d\000\040\000v\000s\000.\000\040\000T\000a\000i\000l\000\040\000A\000r\000t\000i\000c\000l\000e\000s}{section.8}% 20
\BOOKMARK [1][-]{section.9}{\376\377\000Q\000u\000e\000s\000t\000i\000o\000n\000\040\0009\000:\000\040\000A\000n\000t\000i\000-\000G\000a\000m\000i\000n\000g\000\040\000a\000n\000d\000\040\000P\000r\000e\000s\000e\000n\000t\000a\000t\000i\000o\000n\000\040\000P\000o\000s\000i\000t\000i\000o\000n\000\040\000B\000i\000a\000s\000\040\000A\000n\000a\000l\000y\000s\000i\000s}{}% 21
\BOOKMARK [2][-]{subsection.9.1}{\376\377\000S\000e\000r\000v\000i\000n\000g\000-\000T\000i\000m\000e\000\040\000R\000e\000a\000l\000i\000s\000m\000:\000\040\000W\000I\000T\000H\000\040\000v\000s\000.\000\040\000W\000I\000T\000H\000O\000U\000T\000\040\000F\000e\000a\000t\000u\000r\000e\000s}{section.9}% 22
\BOOKMARK [2][-]{subsection.9.2}{\376\377\000A\000n\000t\000i\000-\000L\000e\000a\000k\000a\000g\000e\000\040\000B\000o\000u\000n\000d\000a\000r\000y\000\040\000E\000n\000f\000o\000r\000c\000e\000m\000e\000n\000t}{section.9}% 23
\BOOKMARK [1][-]{section.10}{\376\377\000C\000o\000n\000c\000l\000u\000s\000i\000o\000n}{}% 24
